---
source: crates/verify-report/tests/report.rs
expression: render_text(&report)
---
Project: labby <dev>  catalog: formal/invariants.toml
Qualification: Passed
Invariants: 2
Scenarios: 2
Replay uncovered: LABBY-SAFE-002
Unconfigured backend IDs: LABBY-SAFE-002
Backend execution uncovered: LABBY-SAFE-001 LABBY-SAFE-002
ModelChecking: 0
  no evidence
ModelReplay: 1
  replay-1 [Required/Passed] literal result
CounterexampleReproduction: 0
  no evidence
Conformance: 0
  no evidence
RealProcess: 0
  no evidence
BrowserEmulation: 1
  browser|fake [Optional/Passed] untrusted | <script>alert(1)</script>\nnext
ActualHost: 0
  no evidence
