cargo run --package labby --bin labby --all-features -- docs check
   Compiling tokio v1.52.2
   Compiling tracing v0.1.44
   Compiling serde_json v1.0.149
   Compiling aho-corasick v1.1.4
   Compiling regex-automata v0.4.14
   Compiling tokio-util v0.7.18
   Compiling h2 v0.4.16
   Compiling hyper v1.9.0
   Compiling tokio-rustls v0.26.4
   Compiling rustix v1.1.4
   Compiling anstyle v1.0.14
   Compiling hyper-util v0.1.20
   Compiling regex v1.12.3
   Compiling tower v0.5.3
   Compiling async-compression v0.4.42
   Compiling rustls-native-certs v0.8.3
   Compiling tower-http v0.6.8
   Compiling schemars v1.2.1
   Compiling hyper-rustls v0.27.9
   Compiling bindgen v0.72.1
   Compiling reqwest v0.13.3
   Compiling labby-primitives v2.3.2 (/Users/jmagar/workspace/labby/.worktrees/issue-771-protocol/crates/labby-primitives)
   Compiling annotate-snippets v0.12.16
   Compiling serde-saphyr v1.2.0
   Compiling rquickjs-sys v0.11.0
   Compiling labby-runtime v2.3.2 (/Users/jmagar/workspace/labby/.worktrees/issue-771-protocol/crates/labby-runtime)
   Compiling env_filter v1.0.1
   Compiling utf8parse v0.2.2
   Compiling anstyle-parse v1.0.0
   Compiling env_logger v0.11.10
   Compiling oauth2 v5.0.0
   Compiling tokio-tungstenite v0.29.0
   Compiling rquickjs-core v0.11.0
   Compiling process-wrap v10.0.0
   Compiling axum-core v0.5.6
   Compiling tokio-stream v0.1.18
   Compiling axum-macros v0.5.1
   Compiling is_terminal_polyfill v1.70.2
   Compiling colorchoice v1.0.5
   Compiling matchit v0.8.4
   Compiling anstyle-query v1.1.5
   Compiling rmcp v3.3.0 (https://github.com/dinglebear-ai/rust-sdk.git?rev=b19cfc03025047153fa283c0064c651b6e2f623e#b19cfc03)
   Compiling anstream v1.0.0
   Compiling axum v0.8.9
   Compiling rquickjs v0.11.0
   Compiling jsonwebtoken v10.3.0
   Compiling quickcheck v1.1.0
   Compiling tempfile v3.27.0
   Compiling xattr v1.6.1
   Compiling portable-atomic v1.13.1
   Compiling foldhash v0.1.5
   Compiling heck v0.5.0
   Compiling clap_lex v1.1.0
   Compiling clap_builder v4.6.0
   Compiling clap_derive v4.6.1
   Compiling hashbrown v0.15.5
   Compiling tar v0.4.46
   Compiling javy v7.0.0
   Compiling labby-openapi v2.3.2 (/Users/jmagar/workspace/labby/.worktrees/issue-771-protocol/crates/labby-openapi)
   Compiling console v0.16.3
   Compiling matchers v0.2.0
   Compiling labby-web v2.3.2 (/Users/jmagar/workspace/labby/.worktrees/issue-771-protocol/crates/labby-web)
   Compiling labby-codemode v2.3.2 (/Users/jmagar/workspace/labby/.worktrees/issue-771-protocol/crates/labby-codemode)
warning: labby-web@2.3.2: apps/web/out not found — embedding empty web assets (run `pnpm --filter gateway-admin build` to populate the bundle)
   Compiling tracing-subscriber v0.3.23
[kache] still compiling rmcp — 30s elapsed (typical: 11s, ETA 1s)
   Compiling imara-diff v0.1.8
   Compiling clap v4.6.1
   Compiling labby-apis v2.3.2 (/Users/jmagar/workspace/labby/.worktrees/issue-771-protocol/crates/labby-apis)
   Compiling crossbeam-channel v0.5.15
   Compiling fd-lock v4.0.4
   Compiling process-wrap v9.1.0
   Compiling utoipa-gen v5.4.0
   Compiling bstr v1.12.1
   Compiling shell-words v1.1.1
   Compiling symlink v0.1.0
   Compiling unit-prefix v0.5.2
   Compiling same-file v1.0.6
   Compiling walkdir v2.5.0
   Compiling indicatif v0.18.5
   Compiling tracing-appender v0.2.5
   Compiling dialoguer v0.12.0
   Compiling globset v0.4.18
   Compiling utoipa v5.4.0
   Compiling clap_complete v4.6.3
   Compiling diffy-imara v0.3.2
   Compiling sd-notify v0.5.0
   Compiling unicode-casefold v0.2.0
   Compiling labby-auth v2.3.2 (/Users/jmagar/workspace/labby/.worktrees/issue-771-protocol/crates/labby-auth)
   Compiling labby-gateway v2.3.2 (/Users/jmagar/workspace/labby/.worktrees/issue-771-protocol/crates/labby-gateway)
   Compiling labby-browser v2.3.2 (/Users/jmagar/workspace/labby/.worktrees/issue-771-protocol/crates/labby-browser)
[kache] still compiling labby_gateway — 30s elapsed (typical: 24s, ETA 1s)
   Compiling labby v2.3.2 (/Users/jmagar/workspace/labby/.worktrees/issue-771-protocol/crates/labby)
[kache] still compiling labby — 30s elapsed
[kache] still compiling labby — 1m00s elapsed
warning: linker stderr: ld: __eh_frame section too large (max 16MB) to encode dwarf unwind offsets in compact unwind table, performance of exception handling might be affected
  |
  = note: `#[warn(linker_messages)]` on by default

warning: `labby` (bin "labby") generated 1 warning
    Finished `dev` profile [unoptimized] target(s) in 4m 12s
     Running `target/lane-a/build/debug/labby docs check`
checked 19 docs artifacts: fresh
python3 scripts/check-doc-links.py
documentation link check passed: 1093 local link(s) and 65 Markdown fragment(s) verified
python3 -m unittest discover -s scripts/ci -p 'test_doc_links.py'
.......
----------------------------------------------------------------------
Ran 7 tests in 0.000s

OK
python3 scripts/check-product-docs.py
product docs check passed: 188 canonical docs, 17 maintained planning/feature docs; service indexes and instruction symlinks valid
python3 -m unittest discover -s plugins/labby/.apm/skills/implement-in-microsandbox/tests -v
test_artifact_kind (test_verify_handoff.ReceiptTests.test_artifact_kind) ... ok
test_bad_name (test_verify_handoff.ReceiptTests.test_bad_name) ... ok
test_bad_nested_type (test_verify_handoff.ReceiptTests.test_bad_nested_type) ... ok
test_bad_port (test_verify_handoff.ReceiptTests.test_bad_port) ... ok
test_bad_root_type (test_verify_handoff.ReceiptTests.test_bad_root_type) ... ok
test_boolean_cpu (test_verify_handoff.ReceiptTests.test_boolean_cpu) ... ok
test_corrupt_artifact (test_verify_handoff.ReceiptTests.test_corrupt_artifact) ... ok
test_dirty_tree (test_verify_handoff.ReceiptTests.test_dirty_tree) ... ok
test_duplicate_port (test_verify_handoff.ReceiptTests.test_duplicate_port) ... ok
test_empty_command (test_verify_handoff.ReceiptTests.test_empty_command) ... ok
test_ephemeral (test_verify_handoff.ReceiptTests.test_ephemeral) ... ok
test_expiry (test_verify_handoff.ReceiptTests.test_expiry) ... ok
test_failed_tests (test_verify_handoff.ReceiptTests.test_failed_tests) ... ok
test_host_mount (test_verify_handoff.ReceiptTests.test_host_mount) ... ok
test_idle_expiry (test_verify_handoff.ReceiptTests.test_idle_expiry) ... ok
test_missing_artifact (test_verify_handoff.ReceiptTests.test_missing_artifact) ... ok
test_missing_docs (test_verify_handoff.ReceiptTests.test_missing_docs) ... ok
test_missing_lifecycle (test_verify_handoff.ReceiptTests.test_missing_lifecycle) ... ok
test_missing_memory (test_verify_handoff.ReceiptTests.test_missing_memory) ... ok
test_mutable_image (test_verify_handoff.ReceiptTests.test_mutable_image) ... ok
test_parent_workdir (test_verify_handoff.ReceiptTests.test_parent_workdir) ... ok
test_production (test_verify_handoff.ReceiptTests.test_production) ... ok
test_public_bind (test_verify_handoff.ReceiptTests.test_public_bind) ... ok
test_raw_secret (test_verify_handoff.ReceiptTests.test_raw_secret) ... ok
test_real_http_identity (test_verify_handoff.ReceiptTests.test_real_http_identity) ... ok
test_real_http_non_object (test_verify_handoff.ReceiptTests.test_real_http_non_object) ... ok
test_real_http_redirect (test_verify_handoff.ReceiptTests.test_real_http_redirect) ... ok
test_real_http_unhealthy (test_verify_handoff.ReceiptTests.test_real_http_unhealthy) ... ok
test_real_http_wrong_commit (test_verify_handoff.ReceiptTests.test_real_http_wrong_commit) ... ok
test_real_http_wrong_sandbox (test_verify_handoff.ReceiptTests.test_real_http_wrong_sandbox) ... ok
test_relative_workdir (test_verify_handoff.ReceiptTests.test_relative_workdir) ... ok
test_remote_health (test_verify_handoff.ReceiptTests.test_remote_health) ... ok
test_same_sandbox (test_verify_handoff.ReceiptTests.test_same_sandbox) ... ok
test_short_commit (test_verify_handoff.ReceiptTests.test_short_commit) ... ok
test_snapshot_not_release (test_verify_handoff.ReceiptTests.test_snapshot_not_release) ... ok
test_symlink_artifact (test_verify_handoff.ReceiptTests.test_symlink_artifact) ... ok
test_unknown_dirty (test_verify_handoff.ReceiptTests.test_unknown_dirty) ... ok
test_unknown_schema (test_verify_handoff.ReceiptTests.test_unknown_schema) ... ok
test_unmapped_health (test_verify_handoff.ReceiptTests.test_unmapped_health) ... ok
test_unpublished_commit (test_verify_handoff.ReceiptTests.test_unpublished_commit) ... ok
test_url_credentials (test_verify_handoff.ReceiptTests.test_url_credentials) ... ok
test_valid_receipt (test_verify_handoff.ReceiptTests.test_valid_receipt) ... ok
test_zero_cpu (test_verify_handoff.ReceiptTests.test_zero_cpu) ... ok
test_zero_tests (test_verify_handoff.ReceiptTests.test_zero_tests) ... ok

----------------------------------------------------------------------
Ran 44 tests in 3.076s

OK
python3 -m unittest discover -s scripts/ci -p "test_microsandbox_skill_paths.py"
..
----------------------------------------------------------------------
Ran 2 tests in 0.002s

OK
python3 -m unittest discover -s scripts/ci -p 'test_product_docs.py'
........................
----------------------------------------------------------------------
Ran 24 tests in 1.808s

OK
bash scripts/tests/bin_link_claude_mds_test.sh
test_claude_only_legacy_scope_is_promoted (test_agent_instructions.InstructionLinkTests.test_claude_only_legacy_scope_is_promoted) ... ok
test_concurrent_change_aborts_before_application (test_agent_instructions.InstructionLinkTests.test_concurrent_change_aborts_before_application) ... ok
test_conflict_fails_before_any_scope_changes (test_agent_instructions.InstructionLinkTests.test_conflict_fails_before_any_scope_changes) ... ok
test_empty_or_invalid_utf8_source_fails (test_agent_instructions.InstructionLinkTests.test_empty_or_invalid_utf8_source_fails) ... ok
test_identical_alias_copy_can_be_replaced (test_agent_instructions.InstructionLinkTests.test_identical_alias_copy_can_be_replaced) ... ok
test_ignored_worktree_and_private_files_are_untouched (test_agent_instructions.InstructionLinkTests.test_ignored_worktree_and_private_files_are_untouched) ... ok
test_legacy_canonical_is_promoted_without_losing_text (test_agent_instructions.InstructionLinkTests.test_legacy_canonical_is_promoted_without_losing_text) ... ok
test_nongit_target_fails (test_agent_instructions.InstructionLinkTests.test_nongit_target_fails) ... ok
test_root_nested_and_idempotent (test_agent_instructions.InstructionLinkTests.test_root_nested_and_idempotent) ... ok
test_tracked_protected_history_is_not_relinked (test_agent_instructions.InstructionLinkTests.test_tracked_protected_history_is_not_relinked) ... ok
test_wrong_alias_is_repaired_but_wrong_source_is_not (test_agent_instructions.InstructionLinkTests.test_wrong_alias_is_repaired_but_wrong_source_is_not) ... ok

----------------------------------------------------------------------
Ran 11 tests in 1.821s

OK
python3 scripts/check-depot-control-plane-contract.py
docs/contracts/fixtures/depot-control-plane/compatibility-v1.json
python3 -m unittest scripts/ci/test_depot_control_plane_contract.py scripts/ci/test_product_doc_cli_options.py
......
----------------------------------------------------------------------
Ran 6 tests in 0.006s

OK
