    Blocking waiting for file lock on build directory
   Compiling proc-macro2 v1.0.107
   Compiling unicode-ident v1.0.26
   Compiling quote v1.0.47
   Compiling libc v0.2.189
   Compiling syn v3.0.6
   Compiling synstructure v0.14.0
   Compiling memchr v2.8.3
   Compiling zerofrom-derive v0.1.8
   Compiling serde_core v1.0.229
   Compiling pin-project-lite v0.2.17
   Compiling zerofrom v0.1.8
   Compiling yoke-derive v0.8.3
   Compiling futures-core v0.3.34
   Compiling itoa v1.0.18
   Compiling bytes v1.12.1
   Compiling stable_deref_trait v1.2.1
   Compiling yoke v0.8.3
   Compiling zerovec-derive v0.11.6
   Compiling cfg-if v1.0.5
   Compiling zerovec v0.11.8
   Compiling displaydoc v0.2.7
   Compiling futures-sink v0.3.34
   Compiling futures-channel v0.3.34
   Compiling errno v0.3.14
   Compiling futures-macro v0.3.34
   Compiling futures-task v0.3.34
   Compiling slab v0.4.12
   Compiling futures-io v0.3.34
   Compiling signal-hook-registry v1.4.8
   Compiling futures-util v0.3.34
   Compiling mio v1.2.3
   Compiling socket2 v0.6.5
   Compiling tokio-macros v2.7.2
   Compiling tokio v1.53.1
   Compiling tinystr v0.8.4
   Compiling syn v2.0.119
   Compiling litemap v0.8.3
   Compiling writeable v0.6.4
   Compiling icu_locale_core v2.3.0
   Compiling zerotrie v0.2.5
   Compiling potential_utf v0.1.6
   Compiling http v1.5.0
   Compiling serde v1.0.229
   Compiling zmij v1.0.23
   Compiling icu_normalizer_data v2.3.0
   Compiling icu_properties_data v2.3.0
   Compiling utf8_iter v1.0.4
   Compiling smallvec v1.16.2
   Compiling icu_collections v2.3.0
   Compiling icu_provider v2.3.1
   Compiling serde_derive v1.0.229
   Compiling once_cell v1.21.4
   Compiling version_check v0.9.5
   Compiling generic-array v0.14.7
   Compiling icu_properties v2.3.0
   Compiling icu_normalizer v2.3.0
   Compiling tracing-core v0.1.36
   Compiling tracing-attributes v0.1.31
   Compiling http-body v1.1.0
   Compiling getrandom v0.2.17
   Compiling equivalent v1.0.2
   Compiling hashbrown v0.17.1
   Compiling percent-encoding v2.3.2
   Compiling serde_json v1.0.151
   Compiling indexmap v2.14.2
   Compiling tracing v0.1.44
   Compiling idna_adapter v1.2.2
   Compiling find-msvc-tools v0.1.14
   Compiling typenum v1.20.1
   Compiling httparse v1.10.1
   Compiling zerocopy v0.8.59
   Compiling autocfg v1.5.1
   Compiling shlex v2.0.1
   Compiling cc v1.5.1
   Compiling num-traits v0.2.19
   Compiling idna v1.1.0
   Compiling form_urlencoded v1.2.2
   Compiling tokio-util v0.7.19
   Compiling try-lock v0.2.5
   Compiling fnv v1.0.7
   Compiling atomic-waker v1.1.2
   Compiling tower-service v0.3.3
   Compiling want v0.3.1
   Compiling h2 v0.4.19
   Compiling url v2.5.8
   Compiling ring v0.17.14
   Compiling bitflags v2.13.2
   Compiling rand_core v0.10.1
   Compiling getrandom v0.4.3
   Compiling httpdate v1.0.3
   Compiling ident_case v1.0.1
   Compiling cfg_aliases v0.2.2
   Compiling core-foundation-sys v0.8.7
   Compiling strsim v0.11.1
   Compiling nix v0.31.3
   Compiling darling_core v0.24.1
   Compiling iana-time-zone v0.1.65
   Compiling hyper v1.11.1
   Compiling ppv-lite86 v0.2.21
   Compiling crypto-common v0.1.7
   Compiling block-buffer v0.10.4
   Compiling rand_core v0.6.4
   Compiling http-body-util v0.1.5
   Compiling futures-executor v0.3.34
   Compiling sync_wrapper v1.0.2
   Compiling thiserror v1.0.69
   Compiling log v0.4.34
   Compiling ipnet v2.12.2
   Compiling base64 v0.23.1
   Compiling ref-cast v1.0.27
   Compiling tower-layer v0.3.3
   Compiling tower v0.5.3
   Compiling hyper-util v0.1.21
   Compiling futures v0.3.34
   Compiling rand_chacha v0.3.1
   Compiling digest v0.10.7
   Compiling chrono v0.4.45
   Compiling darling_macro v0.24.1
   Compiling thiserror-impl v1.0.69
   Compiling cpufeatures v0.2.17
   Compiling aho-corasick v1.1.5
   Compiling ref-cast-impl v1.0.27
   Compiling serde_derive_internals v0.30.0
   Compiling zeroize v1.9.0
   Compiling regex-syntax v0.8.11
   Compiling untrusted v0.9.0
   Compiling thiserror v2.0.21
   Compiling base64 v0.22.1
   Compiling regex-automata v0.4.18
   Compiling rustls-pki-types v1.15.1
   Compiling schemars_derive v1.2.2
   Compiling sha2 v0.10.9
   Compiling darling v0.24.1
   Compiling rand v0.8.8
   Compiling tower-http v0.6.11
   Compiling chacha20 v0.10.2
   Compiling serde_path_to_error v0.1.20
   Compiling num_cpus v1.17.0
   Compiling thiserror-impl v2.0.21
   Compiling rustls v0.23.45
   Compiling lazy_static v1.5.0
   Compiling rmcp v3.4.0 (/Users/jmagar/workspace/labby/.worktrees/issue-771-protocol/target/lane-a/rust-sdk/crates/rmcp)
   Compiling anyhow v1.0.104
   Compiling deadpool-runtime v0.1.4
   Compiling dyn-clone v1.0.20
   Compiling schemars v1.2.2
   Compiling deadpool v0.12.3
   Compiling reqwest v0.13.5
   Compiling oauth2 v5.0.0
   Compiling rand v0.10.3
   Compiling process-wrap v10.0.1
   Compiling rmcp-macros v3.4.0 (/Users/jmagar/workspace/labby/.worktrees/issue-771-protocol/target/lane-a/rust-sdk/crates/rmcp-macros)
   Compiling regex v1.13.1
   Compiling rustls-webpki v0.103.15
   Compiling uuid v1.26.1
   Compiling sse-stream v0.2.6
   Compiling assert-json-diff v2.0.2
   Compiling tokio-stream v0.1.19
   Compiling async-trait v0.1.92
   Compiling pastey v0.2.3
   Compiling subtle v2.6.1
   Compiling wiremock v0.6.5
   Compiling lane-a-protocol-official34 v0.0.0 (/Users/jmagar/workspace/labby/.worktrees/issue-771-protocol/target/lane-a/harness-official34)
    Finished `test` profile [unoptimized] target(s) in 1m 41s
     Running issue_771_protocol.rs (target/lane-a/build/debug/deps/issue_771_protocol-f90e8e1fdd653358)

running 11 tests
test handler_failure_cannot_become_a_task_acknowledgement ... ok
test absent_server_extension_and_removed_modern_task_methods_are_not_found ... ok
test immediate_get_and_cooperative_acknowledgements_use_modern_wire_shapes ... ok
test lifecycle::sdk_auto_discovers_first_and_falls_back_to_explicit_legacy_version ... ok
test http_headers::sdk_http_helpers_emit_native_task_routing_headers_without_session_ids ... ok
test lifecycle::sdk_auto_does_not_downgrade_modern_protocol_errors ... ok
test subscription_gap::known_sdk_gap_subscription_filter_discards_task_ids ... ok
test task_result_discriminators_and_status_payloads_are_flat ... ok
test tasks_advertisement_uses_sdk_extension_helpers ... ok
test subscription_gap::known_sdk_gap_raw_task_subscription_is_acknowledged_without_capability ... ok
test tasks_capabilities_are_enforced_on_each_task_request ... ok

test result: ok. 11 passed; 0 failed; 0 ignored; 0 measured; 0 filtered out; finished in 0.01s

