    Checking libc v0.2.186
    Checking cfg-if v1.0.4
    Checking memchr v2.8.0
    Checking serde_core v1.0.228
    Checking errno v0.3.14
    Checking getrandom v0.2.17
    Checking typenum v1.20.0
    Checking itoa v1.0.18
    Checking pin-project-lite v0.2.17
    Checking bytes v1.11.1
    Checking equivalent v1.0.2
    Checking zeroize v1.8.2
    Checking once_cell v1.21.4
    Checking futures-core v0.3.32
    Checking zerofrom v0.1.7
    Checking signal-hook-registry v1.4.8
    Checking socket2 v0.6.3
    Checking mio v1.2.0
    Checking futures-sink v0.3.32
    Checking smallvec v1.15.1
    Checking hashbrown v0.17.0
    Checking bitflags v2.11.1
    Checking stable_deref_trait v1.2.1
    Checking indexmap v2.14.0
    Checking yoke v0.8.2
    Checking tokio v1.52.2
    Checking futures-channel v0.3.32
    Checking futures-task v0.3.32
    Checking futures-io v0.3.32
    Checking slab v0.4.12
    Checking futures-util v0.3.32
    Checking zerovec v0.11.6
    Checking log v0.4.29
    Checking serde v1.0.228
    Checking generic-array v0.14.7
    Checking http v1.4.0
    Checking rand_core v0.6.4
    Checking subtle v2.6.1
    Checking tinystr v0.8.3
    Checking tracing-core v0.1.36
    Checking litemap v0.8.2
    Checking writeable v0.6.3
    Checking num-traits v0.2.19
    Checking icu_locale_core v2.2.0
    Checking crypto-common v0.1.7
    Checking potential_utf v0.1.5
    Checking zerotrie v0.2.4
    Checking rustls-pki-types v1.14.1
    Checking core-foundation-sys v0.8.7
    Checking icu_provider v2.2.0
    Checking icu_collections v2.0.0
    Checking zmij v1.0.21
    Checking untrusted v0.9.0
    Checking percent-encoding v2.3.2
    Checking ring v0.17.14
    Checking serde_json v1.0.149
    Checking tracing v0.1.44
    Checking icu_properties_data v2.0.1
    Checking icu_normalizer_data v2.0.0
    Checking http-body v1.0.1
    Checking regex-syntax v0.8.10
    Checking fnv v1.0.7
    Checking rand_core v0.10.1
    Checking icu_properties v2.0.2
    Checking icu_normalizer v2.0.1
    Checking rustls-webpki v0.103.15
    Checking httparse v1.10.1
    Checking zerocopy v0.8.48
    Checking tokio-util v0.7.18
    Checking aho-corasick v1.1.4
    Checking base64 v0.22.1
    Checking regex-automata v0.4.14
    Checking ppv-lite86 v0.2.21
    Checking rustls v0.23.45
    Checking idna_adapter v1.2.1
    Checking getrandom v0.4.2
    Checking getrandom v0.3.4
    Checking form_urlencoded v1.2.2
    Checking try-lock v0.2.5
    Checking simd-adler32 v0.3.9
    Checking tower-service v0.3.3
    Checking adler2 v2.0.1
    Checking atomic-waker v1.1.2
    Checking utf8_iter v1.0.4
    Checking h2 v0.4.16
    Checking idna v1.1.0
    Checking miniz_oxide v0.8.9
    Checking want v0.3.1
    Checking thiserror v2.0.18
    Checking crc32fast v1.5.0
    Checking hybrid-array v0.4.11
    Checking httpdate v1.0.3
    Checking hyper v1.9.0
    Checking flate2 v1.1.9
    Checking rustix v1.1.4
    Checking url v2.5.8
    Checking http-body-util v0.1.3
    Checking iana-time-zone v0.1.65
    Checking block-buffer v0.10.4
    Checking futures-executor v0.3.32
    Checking ipnet v2.12.0
    Checking cmov v0.5.4
    Checking compression-core v0.4.32
    Checking ctutils v0.4.2
    Checking compression-codecs v0.4.38
    Checking hyper-util v0.1.20
    Checking futures v0.3.32
    Checking digest v0.10.7
    Checking chrono v0.4.44
    Checking block-buffer v0.12.0
    Checking crypto-common v0.2.1
    Checking tokio-rustls v0.26.4
    Checking regex v1.12.3
    Checking chacha20 v0.10.2
    Checking security-framework-sys v2.17.0
    Checking core-foundation v0.10.1
    Checking sync_wrapper v1.0.2
    Checking tower-layer v0.3.3
    Checking const-oid v0.10.2
    Checking scopeguard v1.2.0
    Checking digest v0.11.3
    Checking tower v0.5.3
    Checking ref-cast v1.0.25
    Checking security-framework v3.7.0
    Checking rand v0.10.2
    Checking nix v0.31.3
    Checking async-compression v0.4.42
    Checking rand_core v0.9.5
    Checking cpufeatures v0.2.17
    Checking iri-string v0.7.12
    Checking foldhash v0.2.0
    Checking ryu v1.0.23
    Checking mime v0.3.17
    Checking allocator-api2 v0.2.21
    Checking unicase v2.9.0
    Checking dyn-clone v1.0.20
    Checking mime_guess v2.0.5
    Checking schemars v1.2.1
    Checking hashbrown v0.16.1
    Checking tower-http v0.6.8
    Checking serde_urlencoded v0.7.1
    Checking rustls-platform-verifier v0.7.0
    Checking hyper-rustls v0.27.9
    Checking cpufeatures v0.3.0
    Checking base64 v0.23.0
    Checking base64ct v1.8.3
    Checking simdutf8 v0.1.5
    Checking pem-rfc7468 v0.7.0
    Checking encoding_rs v0.8.41
    Checking sha2 v0.11.0
    Checking reqwest v0.13.3
    Checking rand_chacha v0.9.0
    Checking unicode-width v0.2.2
    Checking const-oid v0.9.6
    Checking fastrand v2.4.1
    Checking arraydeque v0.5.1
    Checking tinyvec_macros v0.1.1
    Checking anstyle v1.0.14
    Checking tinyvec v1.11.0
    Checking annotate-snippets v0.12.16
    Checking granit-parser v1.2.0
    Checking der v0.7.10
    Checking rand v0.9.4
    Checking encoding_rs_io v0.1.8
    Checking labby-primitives v2.3.2 (/Users/jmagar/workspace/labby/.worktrees/issue-771-adversarial-docs/crates/labby-primitives)
    Checking jiff v0.2.24
    Checking powerfmt v0.2.0
    Checking deranged v0.5.8
    Checking serde-saphyr v1.2.0
    Checking rquickjs-sys v0.11.0
    Checking spki v0.7.3
    Checking unicode-normalization v0.1.25
    Checking tempfile v3.27.0
    Checking sha2 v0.10.9
    Checking atomic-write-file v0.3.1
    Checking env_filter v1.0.1
    Checking rand_chacha v0.3.1
    Checking num-integer v0.1.46
    Checking inout v0.1.4
    Checking num-conv v0.2.1
    Checking signature v2.2.0
    Checking time-core v0.1.8
    Checking thiserror v1.0.69
    Checking time v0.3.47
    Checking num-bigint v0.4.6
    Checking cipher v0.4.4
    Checking rand v0.8.6
    Checking env_logger v0.11.10
    Checking labby-runtime v2.3.2 (/Users/jmagar/workspace/labby/.worktrees/issue-771-adversarial-docs/crates/labby-runtime)
    Checking pkcs8 v0.10.2
    Checking rquickjs-core v0.11.0
    Checking anyhow v1.0.103
    Checking aws-lc-sys v0.43.0
    Checking universal-hash v0.5.1
    Checking serde_path_to_error v0.1.20
    Checking opaque-debug v0.3.1
    Checking winnow v1.0.2
    Checking lazy_static v1.5.0
    Checking untrusted v0.7.1
    Checking toml_parser v1.1.2+spec-1.1.0
    Checking aws-lc-rs v1.17.3
    Checking poly1305 v0.8.0
    Checking oauth2 v5.0.0
    Checking libsqlite3-sys v0.37.0
    Checking rquickjs v0.11.0
    Checking curve25519-dalek v4.1.3
    Checking ed25519 v2.2.3
    Checking quickcheck v1.1.0
    Checking simple_asn1 v0.6.4
    Checking chacha20 v0.9.1
    Checking parking_lot_core v0.9.12
    Checking crossbeam-utils v0.8.21
    Checking hashlink v0.11.0
    Checking sha1 v0.10.6
    Checking process-wrap v10.0.0
    Checking lock_api v0.4.14
    Checking sse-stream v0.2.5
    Checking xattr v1.6.1
    Checking uuid v1.23.1
    Checking pem v3.0.6
    Checking webpki-roots v1.0.7
    Checking aead v0.5.2
    Checking tokio-stream v0.1.18
    Checking filetime v0.2.29
    Checking toml_writer v1.1.1+spec-1.1.0
    Checking hashbrown v0.14.5
    Checking fallible-streaming-iterator v0.1.9
    Checking fallible-iterator v0.3.0
    Checking option-ext v0.2.0
    Checking data-encoding v2.11.0
    Checking dirs-sys v0.4.1
    Checking rusqlite v0.39.0
    Checking tungstenite v0.29.0
    Checking dashmap v6.1.0
    Checking rmcp v3.3.0 (https://github.com/dinglebear-ai/rust-sdk.git?rev=b19cfc03025047153fa283c0064c651b6e2f623e#b19cfc03)
    Checking tar v0.4.46
    Checking chacha20poly1305 v0.10.1
    Checking webpki-roots v0.26.11
    Checking jsonwebtoken v10.3.0
    Checking javy v7.0.0
    Checking ed25519-dalek v2.2.0
    Checking labby-openapi v2.3.2 (/Users/jmagar/workspace/labby/.worktrees/issue-771-adversarial-docs/crates/labby-openapi)
    Checking ulid v1.2.1
    Checking hmac v0.13.0
    Checking serde_spanned v1.1.1
    Checking toml_datetime v1.1.1+spec-1.1.0
    Checking wait-timeout v0.2.1
    Checking num_cpus v1.17.0
    Checking vte v0.14.1
    Checking hex v0.4.3
    Checking bit-vec v0.8.0
    Checking deadpool-runtime v0.1.4
    Checking winnow v0.7.15
    Checking toml_datetime v0.7.5+spec-1.1.0
    Checking quick-error v1.2.3
    Checking rusty-fork v0.3.1
    Checking toml_edit v0.23.10+spec-1.0.0
    Checking deadpool v0.12.3
    Checking bit-set v0.8.0
    Checking labby-codemode v2.3.2 (/Users/jmagar/workspace/labby/.worktrees/issue-771-adversarial-docs/crates/labby-codemode)
    Checking strip-ansi-escapes v0.2.1
    Checking toml v1.1.2+spec-1.1.0
    Checking labby-auth v2.3.2 (/Users/jmagar/workspace/labby/.worktrees/issue-771-adversarial-docs/crates/labby-auth)
    Checking tokio-tungstenite v0.29.0
    Checking dirs v5.0.1
    Checking sharded-slab v0.1.7
    Checking labby-apis v2.3.2 (/Users/jmagar/workspace/labby/.worktrees/issue-771-adversarial-docs/crates/labby-apis)
    Checking process-wrap v9.1.0
    Checking rand_xorshift v0.4.0
    Checking fd-lock v4.0.4
    Checking arc-swap v1.9.1
    Checking matchers v0.2.0
    Checking assert-json-diff v2.0.2
    Checking tracing-log v0.2.0
    Checking tracing-serde v0.2.0
    Checking thread_local v1.1.9
    Checking glob v0.3.3
    Checking dotenvy v0.15.7
    Checking unarray v0.1.4
    Checking xxhash-rust v0.8.15
    Checking nu-ansi-term v0.50.3
    Checking tracing-subscriber v0.3.23
    Checking proptest v1.11.0
    Checking wiremock v0.6.5
    Checking labby-gateway v2.3.2 (/Users/jmagar/workspace/labby/.worktrees/issue-771-adversarial-docs/crates/labby-gateway)
    Finished `dev` profile [unoptimized] target(s) in 35.96s
