[kache] still compiling labby_gateway — 30s elapsed
   Compiling labby-gateway v2.3.2 (/Users/jmagar/workspace/labby/.worktrees/issue-771-adversarial-docs/crates/labby-gateway)
warning: unreachable `pub` item
  --> crates/labby-gateway/tests/issue_771_adversarial/fixture.rs:23:1
   |
23 | pub const OWNER: &str = "lane-f-owner";
   | ---^^^^^^^^^^^^^^^^^^
   | |
   | help: consider restricting its visibility: `pub(crate)`
   |
   = help: or consider exporting it for use by other crates
   = note: requested on the command line with `-W unreachable-pub`

warning: unreachable `pub` item
  --> crates/labby-gateway/tests/issue_771_adversarial/fixture.rs:24:1
   |
24 | pub const OAUTH_OWNER: &str = "lane-f-credential-owner";
   | ---^^^^^^^^^^^^^^^^^^^^^^^^
   | |
   | help: consider restricting its visibility: `pub(crate)`
   |
   = help: or consider exporting it for use by other crates

warning: unreachable `pub` item
  --> crates/labby-gateway/tests/issue_771_adversarial/fixture.rs:25:1
   |
25 | pub const UPSTREAM: &str = "lane-f-http";
   | ---^^^^^^^^^^^^^^^^^^^^^
   | |
   | help: consider restricting its visibility: `pub(crate)`
   |
   = help: or consider exporting it for use by other crates

warning: unreachable `pub` item
  --> crates/labby-gateway/tests/issue_771_adversarial/fixture.rs:26:1
   |
26 | pub const BUDGET: Duration = Duration::from_secs(5);
   | ---^^^^^^^^^^^^^^^^^^^^^^^
   | |
   | help: consider restricting its visibility: `pub(crate)`
   |
   = help: or consider exporting it for use by other crates

warning: unreachable `pub` item
  --> crates/labby-gateway/tests/issue_771_adversarial/fixture.rs:29:1
   |
29 | pub struct BackendState {
   | ---^^^^^^^^^^^^^^^^^^^^
   | |
   | help: consider restricting its visibility: `pub(crate)`
   |
   = help: or consider exporting it for use by other crates

warning: unreachable `pub` item
  --> crates/labby-gateway/tests/issue_771_adversarial/fixture.rs:38:1
   |
38 | pub struct Backend(pub Arc<Mutex<BackendState>>);
   | ---^^^^^^^^^^^^^^^
   | |
   | help: consider restricting its visibility: `pub(crate)`
   |
   = help: or consider exporting it for use by other crates

warning: unreachable `pub` item
  --> crates/labby-gateway/tests/issue_771_adversarial/fixture.rs:41:5
   |
41 |     pub fn task_call_count(&self) -> usize {
   |     ---^^^^^^^^^^^^^^^^^^^^^^^^^^^^^^^^^^^
   |     |
   |     help: consider restricting its visibility: `pub(crate)`

warning: unreachable `pub` item
   --> crates/labby-gateway/tests/issue_771_adversarial/fixture.rs:136:1
    |
136 | pub struct Inbox(mpsc::Sender<TaskStatusNotificationParams>);
    | ---^^^^^^^^^^^^^
    | |
    | help: consider restricting its visibility: `pub(crate)`
    |
    = help: or consider exporting it for use by other crates

warning: unreachable `pub` item
   --> crates/labby-gateway/tests/issue_771_adversarial/fixture.rs:155:1
    |
155 | pub struct DownstreamServer;
    | ---^^^^^^^^^^^^^^^^^^^^^^^^
    | |
    | help: consider restricting its visibility: `pub(crate)`
    |
    = help: or consider exporting it for use by other crates

warning: unreachable `pub` item
   --> crates/labby-gateway/tests/issue_771_adversarial/fixture.rs:158:1
    |
158 | pub struct Downstream {
    | ---^^^^^^^^^^^^^^^^^^
    | |
    | help: consider restricting its visibility: `pub(crate)`
    |
    = help: or consider exporting it for use by other crates

warning: unreachable `pub` item
   --> crates/labby-gateway/tests/issue_771_adversarial/fixture.rs:165:5
    |
165 |     pub async fn new() -> Self {
    |     ---^^^^^^^^^^^^^^^^^^^^^^^
    |     |
    |     help: consider restricting its visibility: `pub(crate)`

warning: unreachable `pub` item
   --> crates/labby-gateway/tests/issue_771_adversarial/fixture.rs:185:5
    |
185 |     pub async fn disconnect(&mut self) {
    |     ---^^^^^^^^^^^^^^^^^^^^^^^^^^^^^^^
    |     |
    |     help: consider restricting its visibility: `pub(crate)`

warning: unreachable `pub` item
   --> crates/labby-gateway/tests/issue_771_adversarial/fixture.rs:194:5
    |
194 |     pub async fn notification(&mut self) -> TaskStatusNotificationParams {
    |     ---^^^^^^^^^^^^^^^^^^^^^^^^^^^^^^^^^^^^^^^^^^^^^^^^^^^^^^^^^^^^^^^^^
    |     |
    |     help: consider restricting its visibility: `pub(crate)`

warning: unreachable `pub` item
   --> crates/labby-gateway/tests/issue_771_adversarial/fixture.rs:202:1
    |
202 | pub fn capabilities() -> ClientCapabilities {
    | ---^^^^^^^^^^^^^^^^^^^^^^^^^^^^^^^^^^^^^^^^
    | |
    | help: consider restricting its visibility: `pub(crate)`
    |
    = help: or consider exporting it for use by other crates

warning: unreachable `pub` item
   --> crates/labby-gateway/tests/issue_771_adversarial/fixture.rs:206:1
    |
206 | pub struct Harness {
    | ---^^^^^^^^^^^^^^^
    | |
    | help: consider restricting its visibility: `pub(crate)`
    |
    = help: or consider exporting it for use by other crates

warning: unreachable `pub` item
   --> crates/labby-gateway/tests/issue_771_adversarial/fixture.rs:215:5
    |
215 |     pub async fn new() -> Self {
    |     ---^^^^^^^^^^^^^^^^^^^^^^^
    |     |
    |     help: consider restricting its visibility: `pub(crate)`

warning: unreachable `pub` item
   --> crates/labby-gateway/tests/issue_771_adversarial/fixture.rs:249:5
    |
249 |     pub fn database(&self) -> rusqlite::Connection {
    |     ---^^^^^^^^^^^^^^^^^^^^^^^^^^^^^^^^^^^^^^^^^^^
    |     |
    |     help: consider restricting its visibility: `pub(crate)`

warning: unreachable `pub` item
   --> crates/labby-gateway/tests/issue_771_adversarial/fixture.rs:252:5
    |
252 |     pub fn row_count(&self) -> i64 {
    |     ---^^^^^^^^^^^^^^^^^^^^^^^^^^^
    |     |
    |     help: consider restricting its visibility: `pub(crate)`

warning: unreachable `pub` item
   --> crates/labby-gateway/tests/issue_771_adversarial/fixture.rs:257:5
    |
257 |       pub async fn call(
    |       ^--
    |       |
    |  _____help: consider restricting its visibility: `pub(crate)`
    | |
258 | |         &self,
259 | |         downstream: &Downstream,
260 | |         tool: &'static str,
...   |
263 | |         authorization: TaskRouteAuthorization,
264 | |     ) -> Result<CallToolResponse, String> {
    | |_________________________________________^

warning: unreachable `pub` item
   --> crates/labby-gateway/tests/issue_771_adversarial/fixture.rs:286:5
    |
286 |     pub async fn create(&self, downstream: &Downstream, oauth: Option<&str>) -> String {
    |     ---^^^^^^^^^^^^^^^^^^^^^^^^^^^^^^^^^^^^^^^^^^^^^^^^^^^^^^^^^^^^^^^^^^^^^^^^^^^^^^^
    |     |
    |     help: consider restricting its visibility: `pub(crate)`

warning: unreachable `pub` item
   --> crates/labby-gateway/tests/issue_771_adversarial/fixture.rs:306:5
    |
306 |     pub async fn get(&self, downstream: &Downstream, id: &str) -> Result<GetTaskResult, String> {
    |     ---^^^^^^^^^^^^^^^^^^^^^^^^^^^^^^^^^^^^^^^^^^^^^^^^^^^^^^^^^^^^^^^^^^^^^^^^^^^^^^^^^^^^^^^^
    |     |
    |     help: consider restricting its visibility: `pub(crate)`

warning: unreachable `pub` item
   --> crates/labby-gateway/tests/issue_771_adversarial/fixture.rs:319:5
    |
319 |     pub async fn replace_pool(&mut self) {
    |     ---^^^^^^^^^^^^^^^^^^^^^^^^^^^^^^^^^
    |     |
    |     help: consider restricting its visibility: `pub(crate)`

warning: `labby-gateway` (test "issue_771_adversarial") generated 22 warnings (run `cargo fix --test "issue_771_adversarial" -p labby-gateway` to apply 22 suggestions)
    Finished `test` profile [unoptimized] target(s) in 7.64s
────────────
 Nextest run ID fa19a62d-96f3-4824-8675-56c754969ef1 with nextest profile: default
    Starting 12 tests across 1 binary (1 test skipped)
        PASS [   0.069s] ( 1/12) labby-gateway::issue_771_adversarial delivery::failed_notification_delivery_keeps_the_route_and_poll_rebinds_a_new_downstream
        PASS [   0.070s] ( 2/12) labby-gateway::issue_771_adversarial delivery::duplicate_task_notifications_are_complete_public_states_not_exactly_once_events
        PASS [   0.102s] ( 3/12) labby-gateway::issue_771_adversarial routing::configuration_change_rejects_old_routes_before_network_io
        PASS [   0.105s] ( 4/12) labby-gateway::issue_771_adversarial routing::concurrent_owners_cannot_cross_read_update_or_cancel
        PASS [   0.041s] ( 5/12) labby-gateway::issue_771_adversarial routing::durable_ack_is_immediately_pollable_from_a_new_downstream
        PASS [   0.040s] ( 6/12) labby-gateway::issue_771_adversarial routing::expired_route_does_not_dispatch_any_task_method
        PASS [   0.085s] ( 7/12) labby-gateway::issue_771_adversarial routing::guesses_wrong_owners_and_changed_routes_are_indistinguishable_without_dispatch
        PASS [   0.087s] ( 8/12) labby-gateway::issue_771_adversarial routing::oauth_subject_invalidation_closes_only_matching_task_companions
        PASS [   0.036s] ( 9/12) labby-gateway::issue_771_adversarial routing::retention_write_failure_is_not_reported_as_a_successful_poll
        PASS [   0.049s] (10/12) labby-gateway::issue_771_adversarial routing::pool_replacement_preserves_rows_but_does_not_dispatch_without_a_live_companion
        PASS [   0.022s] (11/12) labby-gateway::issue_771_adversarial routing::storage_failure_withholds_ack_and_early_notifications_without_replaying_creation
        PASS [   0.031s] (12/12) labby-gateway::issue_771_adversarial routing::unreachable_upstream_does_not_delete_an_acknowledged_route_or_recreate_work
────────────
     Summary [   0.379s] 12 tests run: 12 passed, 1 skipped
