cwd: /Users/jmagar/workspace/labby/.worktrees/issue-771-server-lifecycle
command: cargo +1.97.1 test --locked -p labby-gateway --all-features --test issue_771_server_lifecycle -- --test-threads=2
[kache] still compiling labby_gateway — 30s elapsed (typical: 29s, ETA 1s)
   Compiling labby-gateway v2.3.2 (/Users/jmagar/workspace/labby/.worktrees/issue-771-server-lifecycle/crates/labby-gateway)
    Finished `test` profile [unoptimized] target(s) in 3.20s
     Running tests/issue_771_server_lifecycle.rs (/Users/jmagar/workspace/labby/target/debug/deps/issue_771_server_lifecycle-410c942e2309bf7e)

running 22 tests
test fencing::lifecycle_writer_and_publication_reader_have_a_deterministic_order ... ok
test fencing::late_observation_after_an_await_cannot_pass_the_existing_epoch_fence ... ok
test fencing::new_process_local_epoch_cannot_stand_in_for_durable_revocation ... ok
test fencing::same_owner_refresh_requires_a_fresh_observation_not_a_reused_epoch ... ok
test fencing::replacement_pools_share_credential_fencing_but_not_pool_generation ... ok
test fencing::subject_invalidation_fences_only_the_affected_observations ... ok
test fencing::upstream_invalidation_fences_all_its_owners_not_other_upstreams ... ok
test snapshot_tests::detached_snapshot_retains_catalog_observation_without_a_peer ... ok
test snapshot_tests::discovery_capture_retains_versions_and_cache_hints ... ok
test snapshot_tests::extensions_and_unknown_metadata_are_preserved_once ... ok
test snapshot_tests::freshness_boundary_is_not_task_retention ... ok
test snapshot_tests::freshness_overflow_fails_closed ... ok
test snapshot_tests::legacy_is_explicit_and_does_not_invent_discovery_hints ... ok
test snapshot_tests::missing_identity_does_not_invent_server_authority ... ok
test snapshot_tests::modern_initialize_and_unknown_versions_do_not_create_legacy_sessions ... ok
test snapshot_tests::noncomplete_discovery_cannot_be_cached_as_a_server_snapshot ... ok
test snapshot_tests::peer_info_loss_is_characterized_not_silently_fabricated ... ok
test snapshot_tests::public_cache_hint_never_erases_observation_scope ... ok
test snapshot_tests::spoofed_server_info_cannot_replace_configured_observation_binding ... ok
test snapshot_tests::unadvertised_effective_version_is_rejected ... ok
test snapshot_tests::zero_ttl_is_never_a_default_idle_ttl ... ok
test fencing::snapshot_does_not_keep_a_drained_in_process_connection_alive ... ok

test result: ok. 22 passed; 0 failed; 0 ignored; 0 measured; 0 filtered out; finished in 0.00s

