---
source: crates/verify-report/tests/report.rs
expression: render_markdown(&report)
---
## Verification report: labby &lt;dev&gt;

**Qualification:** `Passed`  
**Catalog:** `formal/invariants.toml`  
**Scenarios:** 2  
**Replay uncovered:** LABBY-SAFE-002  
**Unconfigured backend IDs:** LABBY-SAFE-002  
**Backend execution uncovered:** LABBY-SAFE-001 LABBY-SAFE-002

| Lane | ID | Required | Verdict | Diagnostic |
| --- | --- | --- | --- | --- |
| `ModelReplay` | replay-1 | `Required` | `Passed` | literal result |
| `BrowserEmulation` | browser\|fake | `Optional` | `Passed` | untrusted \| &lt;script&gt;alert(1)&lt;/script&gt;<br>next |
| `ModelChecking` | no evidence | `Optional` | `Skipped` | no observation supplied |
| `CounterexampleReproduction` | no evidence | `Optional` | `Skipped` | no observation supplied |
| `Conformance` | no evidence | `Optional` | `Skipped` | no observation supplied |
| `RealProcess` | no evidence | `Optional` | `Skipped` | no observation supplied |
| `ActualHost` | no evidence | `Optional` | `Skipped` | no observation supplied |
